acint = 9.83455e-01 ± 6.69656e-03
corrtime int = 4.92604e-01 ± 3.35425e-03
---
