acint = 9.82770e-01 ± 1.55666e-02
corrtime int = 4.92261e-01 ± 7.79719e-03
---
