acint = 9.96431e-01 ± 2.34425e-02
corrtime int = 2.14947e+01 ± 5.05693e-01
---
