acint = 9.88155e-01 ± 1.26925e-02
corrtime int = 3.99728e+01 ± 5.13435e-01
---
