acint = 9.71985e-01 ± 2.27318e-02
corrtime int = 3.93187e+01 ± 9.19546e-01
---
