acint = 1.01107e+00 ± 1.73497e-02
corrtime int = 1.71641e+00 ± 2.94532e-02
---
