acint = 1.01081e+00 ± 1.72508e-02
corrtime int = 2.18048e+01 ± 3.72129e-01
---
