acint = 1.00360e+00 ± 1.93751e-02
corrtime int = 1.70373e+00 ± 3.28915e-02
---
