! Output data generated by GKW version 0.4-b1-1118-g8f9c41b
! 19 March 2024   2:22:09.112 PM
! executable name: gkw_r000-DP_0.4-b1-1118-g8f9c41b.x
! compiled with $(FC) 
! /cineca/prod/opt/compilers/intel/pe-xe-2018/binary/impi/2018.4.274/bin64/mpiifort
! Run on      96 processor(s)
! If the input file generated warnings:
! This file is a clean version that should not generate warnings
! The following are the input variables as used by the code:
 &CONTROL
 DISP_PAR        =   1.20000000000000     ,
 DISP_VP =  0.200000000000000     ,
 DISP_X  =  0.000000000000000E+000,
 DISP_Y  =  0.000000000000000E+000,
 DTIM    =  1.000000000000000E-003,
 FAC_DTIM_EST    =  0.900000000000000     ,
 FAC_DTIM_NL     =  0.900000000000000     ,
 NL_DTIM_EST     = F,
 LVERBOSE        = F,
 SILENT  = T,
 METH    =          99,
 METHOD  = "EXP                             ",
 ORDER_OF_THE_SCHEME     = "fourth_order                    ",
 SPECTRAL_RADIUS = T,
 NTIME   =        6000,
 NAVERAGE        =         300,
 NDUMP_TS        =          10,
 NLAPAR  = T,
 NLBPAR  = T,
 NLPHI   = T,
 COLLISIONS      = T,
 NEOCLASSICS     = F,
 ZONAL_ADIABATIC = F,
 NON_LINEAR      = F,
 FLUX_TUBE       = T,
 SHIFT_METRIC    = F,
 LPAR_VEL_NL     = F,
 NORMALIZED      = T,
 NORMALIZE_PER_TOROIDAL_MODE     = F,
 READ_FILE       = T,
 RESTART_FILE_VERSION    =           2,
 AUTO_RESTART    = F,
 IRUN    =           0,
 LRESTART_NEW_GRID       = F,
 VP_TRAP =           0,
 UNIFORM_MU_GRID = F,
 LFLAPV  = F,
 MAX_SEC =       86400,
 MAX_SECONDS     =   86400.0000000000     ,
 GAMATOL =  5.000000000000000E-008,
 FLUXTOL =  0.000000000000000E+000,
 IFLUXTOL        =           2,
 NCQTOL  =  0.000000000000000E+000,
 MAX_GR  =   2000.00000000000     ,
 MIN_GR  = -0.500000000000000     ,
 DT_MIN  =  0.000000000000000E+000,
 LTRAPPING_ARAKAWA       = F,
 RADIAL_BOUNDARY_CONDITIONS      = "periodic                        ",
 ORDER_OF_THE_RADIAL_SCHEME      = "fourth_order                    ",
 ORDER_OF_THE_ZF_SCHEME  = "fourth_order                    ",
 IO_FORMAT       = "mixed                           ",
 IO_LEGACY       = T,
 IO_TESTDATA     = F,
 IPERFORM_SET    =           0,
 MATRIX_FORMAT   = "gkw-crs                         ",
 TESTING = F,
 PARALLEL_BOUNDARY_CONDITIONS    = "open                            ",
 LAVERAGE_DIST_OVER_TIME = F
 /
 &GRIDSIZE
 NX      =           1,
 NPERIOD =           6,
 N_VPAR_GRID     =          64,
 NMOD    =           1,
 NUMBER_OF_SPECIES       =           2,
 N_MU_GRID       =          24,
 N_TRAPPED       =           0,
 N_S_GRID        =         352,
 N_PROCS_S       =          16,
 N_PROCS_SP      =           2,
 N_PROCS_VPAR    =           1,
 N_PROCS_MU      =           3,
 NON_BLOCKING_VPAR       = T,
 VPMAX   =   3.00000000000000     ,
 MUMAX   =   4.50000000000000     ,
 PSIL    =  0.000000000000000E+000,
 PSIH    =  0.000000000000000E+000,
 LX      =  0.000000000000000E+000,
 N_PROCS_X       =           1
 /
 &DIAGNOSTIC
 NFLUSH_TS       =          10,
 SCREEN_OUTPUT   = F,
 LFINAL_OUTPUT   = T,
 LWRITE_OUTPUT1  = T,
 LPHI_DIAGNOSTICS        = T,
 XY_ESTEP        = F,
 OUT3D_INTERVAL  =           1,
 LISL_FOLLOW     = T,
 ZONAL_SCALE_3D  =   1.00000000000000     ,
 SPC3D   = F,
 PHI3D   = F,
 DEN3D   = F,
 APA3D   = F,
 APC3D   = F,
 ENE3D   = F,
 BPA3D   = F,
 BPC3D   = F,
 XY_FLUXES       = F,
 XY_FLUXES_BI    = F,
 XY_FLUXES_P     = F,
 XY_FLUXES_V     = F,
 XY_FLUXES_FSA   = F,
 XY_FLUXES_EM    = F,
 XY_FLUXES_K     = F,
 XY_FLUXES_BPAR  = F,
 XY_SLICE_IPAR   =           2,
 XY_DENS = F,
 XY_TEMP = F,
 XY_CURRENT      = F,
 XY_CURRENT2     = F,
 XY_SPEC = F,
 XS_KYZERO_DENS  = F,
 XS_KYZERO_CURRENT       = F,
 XS_KYZERO_CURRENT2      = F,
 XS_KYZERO_ENE   = F,
 XS_KYZERO_ENE_PERP      = F,
 XS_KYZERO_ENE_PAR       = F,
 XS_KYZERO_PHI_GA_FM     = F,
 XS_KYZERO_PHI_GA_DELTAF = F,
 LRADIAL_PROFILE = F,
 LCALC_FLUXES    = T,
 FLUX3D  = F,
 LFLUXES_SPECTRA = T,
 LFLUXES_EM_SPECTRA      = T,
 LCALC_KINENERGY_TRAPPAS = F,
 LFLUXES_DETAIL  = F,
 LFLUXES_VSPACE  = F,
 LFLUXES_VSPACE_PHI      = F,
 LFLUXES_VSPACE_EM       = F,
 LFLUXES_VSPACE_BPAR     = F,
 LCALC_ENERGETICS        = F,
 LCALC_TOT_ENERGY        = F,
 LCALC_ENERGY_EVO        = F,
 KY_ENE_EVO      = F,
 KYKX_ENE_EVO    = F,
 ENE_DRIFT       = F,
 ENE_LANDAU      = F,
 LCALC_CORR      = F,
 IMOD_CORR       = 2*1,
 LPARALLEL_PHI   = F,
 LPARALLEL_APAR  = F,
 LPARALLEL_BPAR  = F,
 XY_PHI  = F,
 XY_APAR = F,
 XY_BPAR = F,
 XY_VORT = F,
 XS_PHI  = F,
 NMODEPOINTS     =           0,
 IMOD_FIELD      = 256*0,
 FIELD_FSA_KYZERO        = F,
 KYKXS_PHI       = T,
 KYKXS_APAR      = T,
 KYKXS_BPAR      = T,
 KYKXS_MOMENTS   = T,
 KYKXS_J0_MOMENTS        = T,
 KYKXS_J1_MOMENTS        = T,
 TAVG_START      =           1,
 TAVG_END        =        6000,
 LCALC_STRESSES  = F,
 LMODE_ENERGY    = F,
 LAMPLITUDES     = F,
 LGROWTH_RATES   = F,
 LFREQUENCIES    = T,
 LPARALLEL_OUTPUT        = T,
 PARALLEL_OUTPUT_TIMESTAMPS      = 512*-1.00000000000000       ,
 LROTATE_PARALLEL        = T,
 LVELSPACE_OUTPUT        = F,
 PSI_VELSPACE    = 64*0.000000000000000E+000  ,
 ZETA_VELSPACE   = 64*0.000000000000000E+000  ,
 NPOINTSVEL      =           0,
 LFINVEL = F,
 LCALC_JDOTE     = F,
 LCALC_JDOTE_FS  = F,
 LRAD_MOMENT     = F,
 LRAD_ENTROPY    = F,
 LRADIAL_ENTROPY = F,
 LRAD_FIELD      = F,
 LRAD_TINT       = F,
 LRAD_KPAR       = F,
 LCALC_ZFSHEAR   = F,
 LNONLIN_TRANSFER        = F,
 LNONLIN_TRANSFER_FSA    = F,
 NONLIN_TRANSFER_INTERVAL        =           1,
 NONLIN_TRANSFER_ENTR    = T,
 NONLIN_TRANSFER_TEMP    = T,
 NONLIN_TRANSFER_ENTR_DIST       = F,
 NONLIN_TRANSFER_ENTR_FIELD      = F,
 LNONLIN_TRANSFER_ENE    = F,
 LCALC_ZONAL_EVO = F,
 ZEVO_DETAIL     = F,
 ZEVO_XY_SPEC    = F,
 CROSS_PHASES    = 64*"          ",
 CROSS_PHASE_TIMETRACE   = F,
 LOUTPUT_MATRIX  = F,
 LCOMPLEX_TIMETRACE      = F,
 LMPI_BROKEN_IO  = F,
 XY_BIN  = F,
 LPFLUX  = T,
 LEFLUX  = T,
 LVFLUX  = T,
 LCALC_FREQ      = T
 /
 &GEOM
 SHAT    =   1.00000000000000     ,
 Q       =   2.00000000000000     ,
 EPS     =  0.166666660000000     ,
 EPS_TYPE        =           1,
 GEOM_TYPE       = "miller                          ",
 EQFILE  = "not_needed_for_s-alpha_option                                                                                            
                                                           ",
 SIGNB   =           1,
 SIGNJ   =           1,
 R0_LOC  = "LFS                             ",
 PROF_TYPE       = "parabolic                       ",
 QPROF_COEF      =  0.885400000000000     ,   19.6560000000000     , 3*0.000000000000000E+000  ,
 KAPPA   =   1.00000000000000     ,
 SKAPPA  =  0.000000000000000E+000,
 DELTA   =  0.000000000000000E+000,
 SDELTA  =  0.000000000000000E+000,
 SQUARE  =  0.000000000000000E+000,
 SSQUARE =  0.000000000000000E+000,
 ZMIL    =  0.000000000000000E+000,
 DRMIL   =  0.000000000000000E+000,
 DZMIL   =  0.000000000000000E+000,
 GRADP_TYPE      = "beta_prime                      ",
 GRADP   =  0.164600000000000     ,
 CURV_EFFECT     = T,
 BETA_ROTA_MILLER_TYPE   = "spc                             ",
 BETA_ROTA_MILLER        =   12300.0000000000     ,
 N_SHAPE =          21,
 C       =  0.181516461100000     , -9.151148309000001E-003, -2.865693714000000E-002,  1.299144691000000E-002,
   2.108603517000000E-003, -5.054828520000000E-003,  1.661403970000000E-003,  1.309213643000000E-003, -1.450460610000000E-003,
   1.277372163000000E-004,  6.805910609000000E-004, -4.416241107000000E-004, -1.246990776000000E-004,  3.089886369000000E-004,
  -1.061656362000000E-004, -1.140307250000000E-004,  1.220734716000000E-004, -5.587218592000000E-006, -6.875467822000000E-005,
   4.220182478000000E-005,  1.696877042000000E-005, 29*12300.0000000000        ,
 S       =  0.000000000000000E+000,  2.988414881000000E-003,  2.186612931000000E-003,  4.717227612000000E-004,
  -1.502869892000000E-003,  3.789423505000000E-004,  7.458551350000000E-004, -6.963005782000000E-004, -6.700548507000000E-005,
   5.128156126000000E-004, -2.674949173000000E-004, -1.786073503000000E-004,  2.696858994000000E-004, -4.580314045000000E-005,
  -1.394914025000000E-004,  1.116088949000000E-004,  2.297530410000000E-005, -8.114691307999999E-005,  3.144569766000000E-005,
   3.201435674000000E-005, -3.846000287000000E-005, 29*12300.0000000000        ,
 C_PRIME =   1.23947008500000     , -0.159490795700000     , -0.273821751700000     ,  0.154376865300000     ,
   1.833024590000000E-002, -0.110238469400000     ,  5.267307792000000E-002,  3.821619233000000E-002, -5.579434398000000E-002,
   8.837382814999999E-003,  2.947565773000000E-002, -2.406055718000000E-002, -5.499548715000000E-003,  1.815435241000000E-002,
  -6.555448229000000E-003, -7.772185424000000E-003,  7.546437938000000E-003, -1.477961943000000E-004, -5.120304491000000E-003,
   2.441047056000000E-003,  1.286436567000000E-003, 29*12300.0000000000        ,
 S_PRIME =  0.000000000000000E+000,  0.198798095300000     ,  9.462068609000000E-002,  7.659493337000000E-003,
  -6.060498749000000E-002,  1.955634570000000E-002,  3.393950769000000E-002, -3.514933089000000E-002, -4.646199231000000E-003,
   2.739222232000000E-002, -1.513191660000000E-002, -1.209965371000000E-002,  1.593474996000000E-002, -3.097034534000000E-003,
  -1.115110574000000E-002,  6.663704295000000E-003,  2.176871443000000E-003, -6.870456279000000E-003,  9.282829941000000E-004,
   2.323921239000000E-003, -3.334010009000000E-003, 29*12300.0000000000        
 /
 &MODE
 KTHRHO  =  0.600000000000000     , 511*0.000000000000000E+000  ,
 CHIN    =  0.000000000000000E+000,
 KRRHO   =  0.000000000000000E+000,
 KR_TYPE = "kr                              ",
 MODE_BOX        = F,
 KRHOMAX =  0.000000000000000E+000,
 IKXSPACE        =           0,
 RKXSPACE        =  0.000000000000000E+000,
 N_SPACING       =          -1,
 NO_TRANSFER_TO  = 512*0,
 NO_TRANSFER_FROM        = 512*0,
 NO_DRIVE_OF     = 512*0
 /
 &SPCGENERAL
 BETA    =  0.000000000000000E+000,
 BETA_REF        =  5.000000000000000E-003,
 BETA_TYPE       = "ref                             ",
 BETAPRIME_REF   = -0.120000000000000     ,
 BETAPRIME_TYPE  = "ref                             ",
 ADIABATIC_ELECTRONS     = F,
 AMP_INIT        =  1.000000000000000E-003,
 AMP_INIT_IMAG   =  0.000000000000000E+000,
 FINIT   = "hybrid                          ",
 LFINIT_RADIAL_DIRICHLET = F,
 KWID_INI        =  0.300000000000000     ,
 QUENCH_MODES    = 64*0,
 RHOSTAR =  0.000000000000000E+000,
 WSTAR   =  0.000000000000000E+000,
 LS      =   2.00000000000000     ,
 ISL_ROT_FREQ    =  0.000000000000000E+000,
 TEARINGMODE     = F,
 ISL_MODE        =           2,
 TEAR_ZERO_EPAR  = F,
 ISL_SHEAR       =  0.000000000000000E+000,
 TM_DRIVE        = F,
 TM_START        =  -10.0000000000000     ,
 TM_SAT  =  0.000000000000000E+000,
 PSI_0   =  0.000000000000000E+000,
 DELTA_PSI_0     =  0.000000000000000E+000,
 ICRH_PARAMS     =  0.000000000000000E+000,   1.00000000000000     ,  0.000000000000000E+000,   1.00000000000000     ,
 ENERGETIC_PARTICLES     = F,
 VPAR_MEAN       =  0.000000000000000E+000,
 QUENCH_SWITCH   = "except                          ",
 N_QUENCH        =           0,
 IMOD_INIT       =           0,
 AMP_IMOD        =  1.000000000000000E-003,
 AMP_IMOD_IMAG   =  0.000000000000000E+000,
 AMP_ZON =   1.00000000000000     ,
 AMP_ZON_IMAG    =  0.000000000000000E+000,
 MODE_PERSIST    = F,
 FINIT_IMOD      = "cosine2                         ",
 INIT_COEF       =   1.00000000000000     , 4*0.000000000000000E+000  ,
 ENFORCE_QUASINEUTRALITY = T
 /
 &SPECIES
 MASS    =   1.00000000000000     ,
 Z       =   1.00000000000000     ,
 TEMP    =   1.00000000000000     ,
 DENS    =   1.00000000000000     ,
 RLT     =   9.00000000000000     ,
 RLN     =   3.00000000000000     ,
 UPRIM   =  0.000000000000000E+000,
 BACKGROUND      = "maxwell",
 PARAM   = 2*0.000000000000000E+000  ,
 DENS_PROF_TYPE  = "none                            ",
 DENS_PROF_COEF  = 5*0.000000000000000E+000  ,
 TEMP_PROF_TYPE  = "none                            ",
 TEMP_PROF_COEF  = 5*0.000000000000000E+000  ,
 RLT_GAUSS       = 2*0.000000000000000E+000  
 /
 &SPECIES
 MASS    =  2.724400000000000E-004,
 Z       =  -1.00000000000000     ,
 TEMP    =   1.00000000000000     ,
 DENS    =   1.00000000000000     ,
 RLT     =   9.00000000000000     ,
 RLN     =   3.00000000000000     ,
 UPRIM   =  0.000000000000000E+000,
 BACKGROUND      = "maxwell",
 PARAM   = 2*0.000000000000000E+000  ,
 DENS_PROF_TYPE  = "none                            ",
 DENS_PROF_COEF  = 5*0.000000000000000E+000  ,
 TEMP_PROF_TYPE  = "none                            ",
 TEMP_PROF_COEF  = 5*0.000000000000000E+000  ,
 RLT_GAUSS       = 2*0.000000000000000E+000  
 /
 &ROTATION
 VCOR    =  0.000000000000000E+000,
 SHEAR_RATE      =  0.000000000000000E+000,
 SHEAR_PROFILE   = "none                            ",
 TOROIDAL_SHEAR  = "none                            ",
 CORIOLIS        = F,
 CF_TRAP = F,
 CF_DRIFT        = F,
 T_SHEAR_BEGIN   =   50.0000000000000     ,
 CF_UPPHI        = F,
 CF_UPSRC        = F,
 CF_QNCHECK      = T
 /
 &EIV_INTEGRATION
 MAX_ITERATIONS  =          -1,
 TOLERANCE       =  1.000000000000000E-004,
 NUMBER_EIGENVALUES      =           1,
 MAT_VEC_ROUTINE =           1,
 COMPARISON_ROUTINE      =           1,
 WHICH_EIGENVALUES       =          11,
 GROWTHRATE      =   1.00000000000000     ,
 FREQ    =  0.000000000000000E+000,
 LUSE_INITIAL_VALUE      = T,
 TYPE_SOLVER     = "krylovschur                     ",
 TYPE_EXTRACTION = "ritz                            ",
 NR_COLUMN_VEC   =           0
 /
 &LINEAR_TERM_SWITCHES
 LVPAR_GRAD_DF   = T,
 LVDGRADF        = T,
 LTRAPDF = T,
 LVE_GRAD_FM     = T,
 LVD_GRAD_PHI_FM = T,
 LVPGRPHI        = T,
 LPOISSON        = T,
 LAMPERE = T,
 LG2F_CORRECTION = T,
 LPOISSON_ZF     = T,
 LNEOCLASSICAL   = T,
 LBPAR   = T,
 LNEOROTSOURCE   = F,
 LNEO_EQUIL      = F,
 LNEO_TRAP       = T,
 NEO_FSOURCE     = "   ",
 LNEO_RAD        = T,
 NEO_EQUIL_PARSE_SP_SEQ  = 32*-1,
 IDISP   =           2,
 APPLY_ON_IMOD   = 128*0
 /
 &COLLISIONS
 NREF    =   3.42151500000000     ,
 TREF    =  0.240935800000000     ,
 RREF    =  0.861096700000000     ,
 ZEFF    =   1.22990500000000     ,
 PITCH_ANGLE     = F,
 EN_SCATTER      = F,
 FRICTION_COLL   = F,
 MOM_CONSERVATION        = T,
 ENE_CONSERVATION        = T,
 MASS_CONSERVE   = F,
 FREQ_OVERRIDE   = F,
 COLL_FREQ       =  3.501399720000000E-003,
 SELFCOLLCON     = T,
 FREQ_INPUT      = F,
 NU_AB   = 400*0.000000000000000E+000  ,
 LORENTZ = F,
 CONS_TYPE       = "Lin                             "
 /
 &KROOK
 NLKROOK = F,
 GAMMAK  =  0.000000000000000E+000,
 NLBOUND = F,
 BWIDTH  =  0.000000000000000E+000,
 GAMMAB  =  0.000000000000000E+000,
 KROOK_OPTION    =           1,
 GAMKPRE =   1.00000000000000     
 /
 &GYROAVERAGE
 N_POINTS_GA     =          32,
 GYRO_AVERAGE_IONS       = T,
 GYRO_AVERAGE_ELECTRONS  = T,
 ORB_POLARIZE    = F,
 MK_GYRO_AV_HERMITIAN    = F,
 USE_CONJ        = F,
 CONSISTENT_LONG_WAVE    = F,
 PARALLEL_MOD    = T,
 BLENDING_ORDER  =           2,
 N_GAV_BOUND_EX  =           0
 /
 &SOURCE_TIME
 MODULATION      = T,
 SOURCE_WAVE_NUMBER      =           1,
 SOURCE_TIME_AMPL        = (0.000000000000000E+000,0.000000000000000E+000),
 MOD_FREQ        =   1.00000000000000     ,
 SOURCE_PROFILE  = "cosine                          ",
 GAUSS_SOURCE_STDEV      =   1.80000000000000     ,
 GAUSS_SOURCE_MEDIAN     =           0,
 DSFR    =           0
 /
 &FINITE_RHO_PARALLEL
 LTRAPDF_RHOSTAR = F,
 LVDGRAD_PHI_FM_RHOSTAR  = F,
 LVE_GRAD_FM_RHOSTAR     = F,
 LVDGRADF_RHOSTAR        = F,
 LNONLINEAR_RHOSTAR      = F,
 S_AVERAGE       = F,
 LFLUX_RHOSTAR   = F
 /
