{
    "version": 1,
    "reporter": {
        "generator": "jureap-gitlab-exacb",
        "info": {
            "pipeline": "3434",
            "job": "343444",
            "commit": "a45ff4",
            "username": "badwaik1",
            "project": "cexalab",
            "budget": "exalab",
            "system": "juwelsbooster",
            "version": "2024.12",
            "timestamp": "2022-01-31T16:47:55Z"
        }
    },
    "parameter": {},
    "experiment": {
        "system": "juwelsbooster",
        "version": "2024.12",
        "variant": "strong.large",
        "timestamp": "2022-01-31T16:47:55Z"
    },
    "data": [
        {
            "success": "true",
            "runtime": "2633.73",
            "parameter": {
                "nodes": "2",
                "taskspernode": "4",
                "threadspertask": "1"
            },
            "slurm_jobid": "12738374",
            "queue": "dc-cpu",
            "metrics": {
                "mlups": "3016"
            }
        },
        {
            "success": "true",
            "runtime": "2643.73",
            "parameter": {
                "nodes": "2",
                "taskspernode": "4",
                "threadspertask": "1"
            },
            "slurm_jobid": "12738375",
            "queue": "dc-cpu",
            "metrics": {
                "mlups": "3004"
            }
        }
    ]
}
